../Core/Src/main.c:118:5:_gettimeofday	32	static
../Core/Src/main.c:128:6:joint_command_callback	40	static
../Core/Src/main.c:193:6:trajectory_callback	104	static
../Core/Src/main.c:291:6:debugNetworkStatus	8	static
../Core/Src/main.c:309:5:main	104	static
../Core/Src/main.c:390:6:SystemClock_Config	88	static
../Core/Src/main.c:445:13:MX_I2C1_Init	8	static
../Core/Src/main.c:493:13:MX_GPIO_Init	48	static
../Core/Src/main.c:532:6:ethernetStatusCheck	16	static
../Core/Src/main.c:554:6:robotControl	16	static
../Core/Src/main.c:583:6:ros	104	static
../Core/Src/main.c:903:6:HAL_TIM_PeriodElapsedCallback	16	static
../Core/Src/main.c:921:6:Error_Handler	4	static,ignoring_inline_asm
