../Core/Src/main.c:100:5:_gettimeofday	32	static
../Core/Src/main.c:110:6:subscription_callback	40	static
../Core/Src/main.c:145:6:debugNetworkStatus	8	static
../Core/Src/main.c:163:5:main	104	static
../Core/Src/main.c:244:6:SystemClock_Config	88	static
../Core/Src/main.c:299:13:MX_I2C1_Init	8	static
../Core/Src/main.c:347:13:MX_GPIO_Init	48	static
../Core/Src/main.c:386:6:ethernetStatusCheck	16	static
../Core/Src/main.c:408:6:robotControl	16	static
../Core/Src/main.c:432:6:ros	56	static
../Core/Src/main.c:567:6:HAL_TIM_PeriodElapsedCallback	16	static
../Core/Src/main.c:585:6:Error_Handler	4	static,ignoring_inline_asm
